{
  "version": "1.5.0",
  "plugins_used": [
    { "name": "ArtifactoryDetector" },
    { "name": "AWSKeyDetector" },
    { "name": "AzureStorageKeyDetector" },
    { "name": "Base64HighEntropyString", "limit": 4.5 },
    { "name": "BasicAuthDetector" },
    { "name": "CloudantDetector" },
    { "name": "DiscordBotTokenDetector" },
    { "name": "GitHubTokenDetector" },
    { "name": "HexHighEntropyString", "limit": 3.0 },
    { "name": "IbmCloudIamDetector" },
    { "name": "IbmCosHmacDetector" },
    { "name": "JwtTokenDetector" },
    { "name": "KeywordDetector", "keyword_exclude": "" },
    { "name": "MailchimpDetector" },
    { "name": "NpmDetector" },
    { "name": "PrivateKeyDetector" },
    { "name": "SendGridDetector" },
    { "name": "SlackDetector" },
    { "name": "SoftlayerDetector" },
    { "name": "SquareOAuthDetector" },
    { "name": "StripeDetector" },
    { "name": "TwilioKeyDetector" }
  ],
  "results": {},
  "generated_at": "2026-04-22T06:35:00Z"
}
